class
IDENT Fac
{
public
static
void
IDENT main
(
IDENT String
[
]
IDENT args
)
{
int
IDENT n
=
INTEGER_LITERAL 8
;
int
IDENT result
=
INTEGER_LITERAL 1
;
while
(
IDENT n
!=
INTEGER_LITERAL 0
)
{
IDENT result
=
IDENT n
*
IDENT result
;
IDENT n
=
IDENT n
-
INTEGER_LITERAL 1
;
}
IDENT System
.
IDENT out
.
IDENT println
(
IDENT result
)
;
}
}
